SQL> sho parameter

NAME                                 TYPE        VALUE                          
------------------------------------ ----------- ------------------------------ 
O7_DICTIONARY_ACCESSIBILITY          boolean     FALSE                          
active_instance_count                integer                                    
aq_tm_processes                      integer     1                              
archive_lag_target                   integer     0                              
asm_diskgroups                       string                                     
asm_diskstring                       string                                     
asm_power_limit                      integer     1                              
asm_preferred_read_failure_groups    string                                     
audit_file_dest                      string      /oracle/app/oracle/admin/dw11t 
                                                 est/adump                      
audit_sys_operations                 boolean     FALSE                          

NAME                                 TYPE        VALUE                          
------------------------------------ ----------- ------------------------------ 
audit_syslog_level                   string                                     
audit_trail                          string      DB                             
awr_snapshot_time_offset             integer     0                              
background_core_dump                 string      partial                        
background_dump_dest                 string      /oracle/app/oracle/diag/rdbms/ 
                                                 dw11test/dw11test/trace        
backup_tape_io_slaves                boolean     FALSE                          
bitmap_merge_area_size               integer     1048576                        
blank_trimming                       boolean     FALSE                          
buffer_pool_keep                     string                                     
buffer_pool_recycle                  string                                     

NAME                                 TYPE        VALUE                          
------------------------------------ ----------- ------------------------------ 
cell_offload_compaction              string      ADAPTIVE                       
cell_offload_decryption              boolean     TRUE                           
cell_offload_parameters              string                                     
cell_offload_plan_display            string      AUTO                           
cell_offload_processing              boolean     TRUE                           
circuits                             integer                                    
client_result_cache_lag              big integer 3000                           
client_result_cache_size             big integer 0                              
clonedb                              boolean     FALSE                          
cluster_database                     boolean     FALSE                          
cluster_database_instances           integer     1                              

NAME                                 TYPE        VALUE                          
------------------------------------ ----------- ------------------------------ 
cluster_interconnects                string                                     
commit_logging                       string                                     
commit_point_strength                integer     1                              
commit_wait                          string                                     
commit_write                         string                                     
compatible                           string      11.2.0.0.0                     
control_file_record_keep_time        integer     7                              
control_files                        string      /dw11test/oradata/dw11test/con 
                                                 trol01.ctl, /oracle/app/oracle 
                                                 /fast_recovery_area/dw11test/c 
                                                 ontrol02.ctl                   

NAME                                 TYPE        VALUE                          
------------------------------------ ----------- ------------------------------ 
control_management_pack_access       string      DIAGNOSTIC+TUNING              
core_dump_dest                       string      /oracle/app/oracle/diag/rdbms/ 
                                                 dw11test/dw11test/cdump        
cpu_count                            integer     8                              
create_bitmap_area_size              integer     8388608                        
create_stored_outlines               string                                     
cursor_bind_capture_destination      string      memory+disk                    
cursor_sharing                       string      EXACT                          
cursor_space_for_time                boolean     FALSE                          
db_16k_cache_size                    big integer 0                              
db_2k_cache_size                     big integer 0                              

NAME                                 TYPE        VALUE                          
------------------------------------ ----------- ------------------------------ 
db_32k_cache_size                    big integer 0                              
db_4k_cache_size                     big integer 0                              
db_8k_cache_size                     big integer 0                              
db_block_buffers                     integer     0                              
db_block_checking                    string      FALSE                          
db_block_checksum                    string      TYPICAL                        
db_block_size                        integer     8192                           
db_cache_advice                      string      ON                             
db_cache_size                        big integer 0                              
db_create_file_dest                  string                                     
db_create_online_log_dest_1          string                                     

NAME                                 TYPE        VALUE                          
------------------------------------ ----------- ------------------------------ 
db_create_online_log_dest_2          string                                     
db_create_online_log_dest_3          string                                     
db_create_online_log_dest_4          string                                     
db_create_online_log_dest_5          string                                     
db_domain                            string                                     
db_file_multiblock_read_count        integer     128                            
db_file_name_convert                 string                                     
db_files                             integer     200                            
db_flash_cache_file                  string                                     
db_flash_cache_size                  big integer 0                              
db_flashback_retention_target        integer     1440                           

NAME                                 TYPE        VALUE                          
------------------------------------ ----------- ------------------------------ 
db_keep_cache_size                   big integer 0                              
db_lost_write_protect                string      NONE                           
db_name                              string      dw11test                       
db_recovery_file_dest                string      /oracle/app/oracle/fast_recove 
                                                 ry_area                        
db_recovery_file_dest_size           big integer 4122M                          
db_recycle_cache_size                big integer 0                              
db_securefile                        string      PERMITTED                      
db_ultra_safe                        string      OFF                            
db_unique_name                       string      dw11test                       
db_unrecoverable_scn_tracking        boolean     TRUE                           

NAME                                 TYPE        VALUE                          
------------------------------------ ----------- ------------------------------ 
db_writer_processes                  integer     1                              
dbwr_io_slaves                       integer     0                              
ddl_lock_timeout                     integer     0                              
deferred_segment_creation            boolean     TRUE                           
dg_broker_config_file1               string      /oracle/app/oracle/product/11. 
                                                 2.0/dbhome_1/dbs/dr1dw11test.d 
                                                 at                             
dg_broker_config_file2               string      /oracle/app/oracle/product/11. 
                                                 2.0/dbhome_1/dbs/dr2dw11test.d 
                                                 at                             
dg_broker_start                      boolean     FALSE                          

NAME                                 TYPE        VALUE                          
------------------------------------ ----------- ------------------------------ 
diagnostic_dest                      string      /oracle/app/oracle             
disk_asynch_io                       boolean     TRUE                           
dispatchers                          string      (PROTOCOL=TCP) (SERVICE=dw11te 
                                                 stXDB)                         
distributed_lock_timeout             integer     60                             
dml_locks                            integer     1088                           
dst_upgrade_insert_conv              boolean     TRUE                           
enable_ddl_logging                   boolean     FALSE                          
event                                string                                     
fal_client                           string                                     
fal_server                           string                                     

NAME                                 TYPE        VALUE                          
------------------------------------ ----------- ------------------------------ 
fast_start_io_target                 integer     0                              
fast_start_mttr_target               integer     0                              
fast_start_parallel_rollback         string      LOW                            
file_mapping                         boolean     FALSE                          
fileio_network_adapters              string                                     
filesystemio_options                 string      none                           
fixed_date                           string                                     
gcs_server_processes                 integer     0                              
global_context_pool_size             string                                     
global_names                         boolean     FALSE                          
global_txn_processes                 integer     1                              

NAME                                 TYPE        VALUE                          
------------------------------------ ----------- ------------------------------ 
hash_area_size                       integer     131072                         
hi_shared_memory_address             integer     0                              
hs_autoregister                      boolean     TRUE                           
ifile                                file                                       
instance_groups                      string                                     
instance_name                        string      dw11test                       
instance_number                      integer     0                              
instance_type                        string      RDBMS                          
java_jit_enabled                     boolean     TRUE                           
java_max_sessionspace_size           integer     0                              
java_pool_size                       big integer 0                              

NAME                                 TYPE        VALUE                          
------------------------------------ ----------- ------------------------------ 
java_soft_sessionspace_limit         integer     0                              
job_queue_processes                  integer     1000                           
large_pool_size                      big integer 0                              
ldap_directory_access                string      NONE                           
ldap_directory_sysauth               string      no                             
license_max_sessions                 integer     0                              
license_max_users                    integer     0                              
license_sessions_warning             integer     0                              
listener_networks                    string                                     
local_listener                       string      LISTENER_DW11TEST              
lock_name_space                      string                                     

NAME                                 TYPE        VALUE                          
------------------------------------ ----------- ------------------------------ 
lock_sga                             boolean     FALSE                          
log_archive_config                   string                                     
log_archive_dest                     string                                     
log_archive_dest_1                   string                                     
log_archive_dest_10                  string                                     
log_archive_dest_11                  string                                     
log_archive_dest_12                  string                                     
log_archive_dest_13                  string                                     
log_archive_dest_14                  string                                     
log_archive_dest_15                  string                                     
log_archive_dest_16                  string                                     

NAME                                 TYPE        VALUE                          
------------------------------------ ----------- ------------------------------ 
log_archive_dest_17                  string                                     
log_archive_dest_18                  string                                     
log_archive_dest_19                  string                                     
log_archive_dest_2                   string                                     
log_archive_dest_20                  string                                     
log_archive_dest_21                  string                                     
log_archive_dest_22                  string                                     
log_archive_dest_23                  string                                     
log_archive_dest_24                  string                                     
log_archive_dest_25                  string                                     
log_archive_dest_26                  string                                     

NAME                                 TYPE        VALUE                          
------------------------------------ ----------- ------------------------------ 
log_archive_dest_27                  string                                     
log_archive_dest_28                  string                                     
log_archive_dest_29                  string                                     
log_archive_dest_3                   string                                     
log_archive_dest_30                  string                                     
log_archive_dest_31                  string                                     
log_archive_dest_4                   string                                     
log_archive_dest_5                   string                                     
log_archive_dest_6                   string                                     
log_archive_dest_7                   string                                     
log_archive_dest_8                   string                                     

NAME                                 TYPE        VALUE                          
------------------------------------ ----------- ------------------------------ 
log_archive_dest_9                   string                                     
log_archive_dest_state_1             string      enable                         
log_archive_dest_state_10            string      enable                         
log_archive_dest_state_11            string      enable                         
log_archive_dest_state_12            string      enable                         
log_archive_dest_state_13            string      enable                         
log_archive_dest_state_14            string      enable                         
log_archive_dest_state_15            string      enable                         
log_archive_dest_state_16            string      enable                         
log_archive_dest_state_17            string      enable                         
log_archive_dest_state_18            string      enable                         

NAME                                 TYPE        VALUE                          
------------------------------------ ----------- ------------------------------ 
log_archive_dest_state_19            string      enable                         
log_archive_dest_state_2             string      enable                         
log_archive_dest_state_20            string      enable                         
log_archive_dest_state_21            string      enable                         
log_archive_dest_state_22            string      enable                         
log_archive_dest_state_23            string      enable                         
log_archive_dest_state_24            string      enable                         
log_archive_dest_state_25            string      enable                         
log_archive_dest_state_26            string      enable                         
log_archive_dest_state_27            string      enable                         
log_archive_dest_state_28            string      enable                         

NAME                                 TYPE        VALUE                          
------------------------------------ ----------- ------------------------------ 
log_archive_dest_state_29            string      enable                         
log_archive_dest_state_3             string      enable                         
log_archive_dest_state_30            string      enable                         
log_archive_dest_state_31            string      enable                         
log_archive_dest_state_4             string      enable                         
log_archive_dest_state_5             string      enable                         
log_archive_dest_state_6             string      enable                         
log_archive_dest_state_7             string      enable                         
log_archive_dest_state_8             string      enable                         
log_archive_dest_state_9             string      enable                         
log_archive_duplex_dest              string                                     

NAME                                 TYPE        VALUE                          
------------------------------------ ----------- ------------------------------ 
log_archive_format                   string      %t_%s_%r.dbf                   
log_archive_local_first              boolean     TRUE                           
log_archive_max_processes            integer     4                              
log_archive_min_succeed_dest         integer     1                              
log_archive_start                    boolean     FALSE                          
log_archive_trace                    integer     0                              
log_buffer                           integer     39837696                       
log_checkpoint_interval              integer     0                              
log_checkpoint_timeout               integer     1800                           
log_checkpoints_to_alert             boolean     FALSE                          
log_file_name_convert                string                                     

NAME                                 TYPE        VALUE                          
------------------------------------ ----------- ------------------------------ 
max_dispatchers                      integer                                    
max_dump_file_size                   string      unlimited                      
max_enabled_roles                    integer     150                            
max_shared_servers                   integer                                    
memory_max_target                    big integer 0                              
memory_target                        big integer 0                              
nls_calendar                         string                                     
nls_comp                             string      BINARY                         
nls_currency                         string                                     
nls_date_format                      string                                     
nls_date_language                    string                                     

NAME                                 TYPE        VALUE                          
------------------------------------ ----------- ------------------------------ 
nls_dual_currency                    string                                     
nls_iso_currency                     string                                     
nls_language                         string      AMERICAN                       
nls_length_semantics                 string      BYTE                           
nls_nchar_conv_excp                  string      FALSE                          
nls_numeric_characters               string                                     
nls_sort                             string                                     
nls_territory                        string      AMERICA                        
nls_time_format                      string                                     
nls_time_tz_format                   string                                     
nls_timestamp_format                 string                                     

NAME                                 TYPE        VALUE                          
------------------------------------ ----------- ------------------------------ 
nls_timestamp_tz_format              string                                     
object_cache_max_size_percent        integer     10                             
object_cache_optimal_size            integer     102400                         
olap_page_pool_size                  big integer 0                              
open_cursors                         integer     300                            
open_links                           integer     4                              
open_links_per_instance              integer     4                              
optimizer_capture_sql_plan_baselines boolean     FALSE                          
optimizer_dynamic_sampling           integer     2                              
optimizer_features_enable            string      11.2.0.3                       
optimizer_index_caching              integer     0                              

NAME                                 TYPE        VALUE                          
------------------------------------ ----------- ------------------------------ 
optimizer_index_cost_adj             integer     100                            
optimizer_mode                       string      ALL_ROWS                       
optimizer_secure_view_merging        boolean     TRUE                           
optimizer_use_invisible_indexes      boolean     FALSE                          
optimizer_use_pending_statistics     boolean     FALSE                          
optimizer_use_sql_plan_baselines     boolean     TRUE                           
os_authent_prefix                    string      ops$                           
os_roles                             boolean     FALSE                          
parallel_adaptive_multi_user         boolean     TRUE                           
parallel_automatic_tuning            boolean     FALSE                          
parallel_degree_limit                string      CPU                            

NAME                                 TYPE        VALUE                          
------------------------------------ ----------- ------------------------------ 
parallel_degree_policy               string      MANUAL                         
parallel_execution_message_size      integer     16384                          
parallel_force_local                 boolean     FALSE                          
parallel_instance_group              string                                     
parallel_io_cap_enabled              boolean     FALSE                          
parallel_max_servers                 integer     135                            
parallel_min_percent                 integer     0                              
parallel_min_servers                 integer     0                              
parallel_min_time_threshold          string      AUTO                           
parallel_server                      boolean     FALSE                          
parallel_server_instances            integer     1                              

NAME                                 TYPE        VALUE                          
------------------------------------ ----------- ------------------------------ 
parallel_servers_target              integer     128                            
parallel_threads_per_cpu             integer     2                              
permit_92_wrap_format                boolean     TRUE                           
pga_aggregate_target                 big integer 6445M                          
plscope_settings                     string      IDENTIFIERS:NONE               
plsql_ccflags                        string                                     
plsql_code_type                      string      INTERPRETED                    
plsql_debug                          boolean     FALSE                          
plsql_optimize_level                 integer     2                              
plsql_v2_compatibility               boolean     FALSE                          
plsql_warnings                       string      DISABLE:ALL                    

NAME                                 TYPE        VALUE                          
------------------------------------ ----------- ------------------------------ 
pre_page_sga                         boolean     FALSE                          
processes                            integer     150                            
processor_group_name                 string                                     
query_rewrite_enabled                string      TRUE                           
query_rewrite_integrity              string      enforced                       
rdbms_server_dn                      string                                     
read_only_open_delayed               boolean     FALSE                          
recovery_parallelism                 integer     0                              
recyclebin                           string      on                             
redo_transport_user                  string                                     
remote_dependencies_mode             string      TIMESTAMP                      

NAME                                 TYPE        VALUE                          
------------------------------------ ----------- ------------------------------ 
remote_listener                      string                                     
remote_login_passwordfile            string      EXCLUSIVE                      
remote_os_authent                    boolean     FALSE                          
remote_os_roles                      boolean     FALSE                          
replication_dependency_tracking      boolean     TRUE                           
resource_limit                       boolean     FALSE                          
resource_manager_cpu_allocation      integer     8                              
resource_manager_plan                string                                     
result_cache_max_result              integer     5                              
result_cache_max_size                big integer 99296K                         
result_cache_mode                    string      MANUAL                         

NAME                                 TYPE        VALUE                          
------------------------------------ ----------- ------------------------------ 
result_cache_remote_expiration       integer     0                              
resumable_timeout                    integer     0                              
rollback_segments                    string                                     
sec_case_sensitive_logon             boolean     TRUE                           
sec_max_failed_login_attempts        integer     10                             
sec_protocol_error_further_action    string      CONTINUE                       
sec_protocol_error_trace_action      string      TRACE                          
sec_return_server_release_banner     boolean     FALSE                          
serial_reuse                         string      disable                        
service_names                        string      dw11test                       
session_cached_cursors               integer     50                             

NAME                                 TYPE        VALUE                          
------------------------------------ ----------- ------------------------------ 
session_max_open_files               integer     10                             
sessions                             integer     248                            
sga_max_size                         big integer 19392M                         
sga_target                           big integer 19392M                         
shadow_core_dump                     string      partial                        
shared_memory_address                integer     0                              
shared_pool_reserved_size            big integer 112M                           
shared_pool_size                     big integer 0                              
shared_server_sessions               integer                                    
shared_servers                       integer     1                              
skip_unusable_indexes                boolean     TRUE                           

NAME                                 TYPE        VALUE                          
------------------------------------ ----------- ------------------------------ 
smtp_out_server                      string                                     
sort_area_retained_size              integer     0                              
sort_area_size                       integer     65536                          
spfile                               string      /oracle/app/oracle/product/11. 
                                                 2.0/dbhome_1/dbs/spfiledw11tes 
                                                 t.ora                          
sql92_security                       boolean     FALSE                          
sql_trace                            boolean     FALSE                          
sqltune_category                     string      DEFAULT                        
standby_archive_dest                 string      ?/dbs/arch                     
standby_file_management              string      MANUAL                         

NAME                                 TYPE        VALUE                          
------------------------------------ ----------- ------------------------------ 
star_transformation_enabled          string      TRUE                           
statistics_level                     string      TYPICAL                        
streams_pool_size                    big integer 0                              
tape_asynch_io                       boolean     TRUE                           
thread                               integer     0                              
timed_os_statistics                  integer     0                              
timed_statistics                     boolean     TRUE                           
trace_enabled                        boolean     TRUE                           
tracefile_identifier                 string                                     
transactions                         integer     272                            
transactions_per_rollback_segment    integer     5                              

NAME                                 TYPE        VALUE                          
------------------------------------ ----------- ------------------------------ 
undo_management                      string      AUTO                           
undo_retention                       integer     900                            
undo_tablespace                      string      UNDOTBS1                       
use_indirect_data_buffers            boolean     FALSE                          
use_large_pages                      string      TRUE                           
user_dump_dest                       string      /oracle/app/oracle/diag/rdbms/ 
                                                 dw11test/dw11test/trace        
utl_file_dir                         string                                     
workarea_size_policy                 string      AUTO                           
xml_db_events                        string      enable                         
SQL> spool off
