SQL> @/mnt/dba/projects/DBA-6082/count_all_objects.sql

OBJECT_TYPE                    TOTAL_OBJECTS                                                                                                                                                                                                                                                                
------------------------------ -------------                                                                                                                                                                                                                                                                
DATABASE LINK                              1                                                                                                                                                                                                                                                                
FUNCTION                                   8                                                                                                                                                                                                                                                                
INDEX                                   8384                                                                                                                                                                                                                                                                
INDEX PARTITION                          588                                                                                                                                                                                                                                                                
LOB                                      883                                                                                                                                                                                                                                                                
PACKAGE                                   80                                                                                                                                                                                                                                                                
PACKAGE BODY                              79                                                                                                                                                                                                                                                                
PROCEDURE                                 17                                                                                                                                                                                                                                                                
SEQUENCE                                1553                                                                                                                                                                                                                                                                
TABLE                                   5511                                                                                                                                                                                                                                                                
TABLE PARTITION                          294                                                                                                                                                                                                                                                                
TRIGGER                                  275                                                                                                                                                                                                                                                                
TYPE                                       2                                                                                                                                                                                                                                                                
VIEW                                    1460                                                                                                                                                                                                                                                                

14 rows selected.

SQL> spool off
